// Jest Snapshot v1, https://goo.gl/fbAQLP

exports[`QueryKeys should match the snapshot 1`] = `
{
  "CONVERSATION": "conversation",
  "CONVERSATIONS": "conversations",
  "CONVERSATION_DM": "conversationDM",
  "CONVERSATION_MESSAGE": "conversationMessage",
  "CONVERSATION_MESSAGES": "conversationMessages",
  "GROUP_CREATOR": "groupCreator",
  "GROUP_INVITE": "groupInvite",
  "GROUP_JOIN_REQUEST": "groupJoinRequest",
  "GROUP_MEMBERS": "groupMembersv2",
  "GROUP_PERMISSIONS": "groupPermissions",
  "GROUP_PERMISSION_POLICY": "groupPermissionPolicy",
  "PENDING_JOIN_REQUESTS": "pendingJoinRequests",
  "PINNED_FRAME": "pinnedFrame",
}
`;
